Setting locale to en_US
main.c: Error!
Error: INVALID_HEADER       (line:   1, col:   1):	[97mMissing or invalid 42 header[0m
Error: PREPROC_BAD_INDENT   (line:   4, col:   1):	Bad preprocessor indentation
Error: PREPROC_BAD_INDENT   (line:   5, col:   1):	Bad preprocessor indentation
Error: BRACE_SHOULD_EOL     (line:  60, col:   1):	Expected newline after brace
ft_free_game.c: Error!
Error: INVALID_HEADER       (line:   1, col:   1):	[97mMissing or invalid 42 header[0m
ft_error.c: Error!
Error: INVALID_HEADER       (line:   8, col:   1):	[97mMissing or invalid 42 header[0m
ft_exit_game.c: Error!
Error: INVALID_HEADER       (line:   8, col:   1):	[97mMissing or invalid 42 header[0m
Error: LINE_TOO_LONG        (line:  20, col:  82):	[94mline too long[0m
draw_utils.c: Error!
Error: INVALID_HEADER       (line:   1, col:   1):	[97mMissing or invalid 42 header[0m
init.c: Error!
Error: INVALID_HEADER       (line:   1, col:   1):	[97mMissing or invalid 42 header[0m
parser_map.c: Error!
Error: INVALID_HEADER       (line:   1, col:   1):	[97mMissing or invalid 42 header[0m
parser_color.c: Error!
Error: INVALID_HEADER       (line:   1, col:   1):	[97mMissing or invalid 42 header[0m
Error: WRONG_SCOPE_COMMENT  (line:  80, col:   5):	[95mComment is invalid in this scope[0m
Error: WRONG_SCOPE_COMMENT  (line:  95, col:   5):	[95mComment is invalid in this scope[0m
Error: LINE_TOO_LONG        (line: 119, col:  82):	[94mline too long[0m
Error: TOO_MANY_LINES       (line: 131, col:   1):	Function has more than 25 lines
parser_elements.c: Error!
Error: INVALID_HEADER       (line:   1, col:   1):	[97mMissing or invalid 42 header[0m
Error: WRONG_SCOPE_COMMENT  (line:  38, col:   5):	[95mComment is invalid in this scope[0m
Error: WRONG_SCOPE_COMMENT  (line:  41, col:   5):	[95mComment is invalid in this scope[0m
Error: WRONG_SCOPE_COMMENT  (line:  44, col:   5):	[95mComment is invalid in this scope[0m
Error: WRONG_SCOPE_COMMENT  (line:  47, col:   9):	[95mComment is invalid in this scope[0m
Error: LINE_TOO_LONG        (line:  48, col:  84):	[94mline too long[0m
Error: TOO_MANY_FUNCS       (line: 113, col:   1):	[92mToo many functions in file[0m
Error: TOO_MANY_FUNCS       (line: 131, col:   1):	[92mToo many functions in file[0m
Error: LINE_TOO_LONG        (line: 147, col:  82):	[94mline too long[0m
Error: WRONG_SCOPE_COMMENT  (line: 153, col:   9):	[95mComment is invalid in this scope[0m
Error: TOO_MANY_LINES       (line: 165, col:   1):	Function has more than 25 lines
parser_main.c: Error!
Error: INVALID_HEADER       (line:   1, col:   1):	[97mMissing or invalid 42 header[0m
Error: WRONG_SCOPE_COMMENT  (line: 146, col:   5):	[95mComment is invalid in this scope[0m
Error: WRONG_SCOPE_COMMENT  (line: 153, col:   5):	[95mComment is invalid in this scope[0m
Error: WRONG_SCOPE_COMMENT  (line: 160, col:   5):	[95mComment is invalid in this scope[0m
Error: TOO_MANY_FUNCS       (line: 179, col:   1):	[92mToo many functions in file[0m
Error: ASSIGN_IN_CONTROL    (line: 183, col:  18):	Assignment in control structure
Error: EMPTY_LINE_EOF       (line: 188, col:   1):	Empty line at end of file
parser_map_utils.c: Error!
Error: INVALID_HEADER       (line:   1, col:   1):	[97mMissing or invalid 42 header[0m
Error: WRONG_SCOPE_COMMENT  (line:  94, col:   5):	[95mComment is invalid in this scope[0m
parser_player.c: Error!
Error: INVALID_HEADER       (line:   1, col:   1):	[97mMissing or invalid 42 header[0m
Error: LINE_TOO_LONG        (line:  88, col:  82):	[94mline too long[0m
parser_texture.c: Error!
Error: INVALID_HEADER       (line:   1, col:   1):	[97mMissing or invalid 42 header[0m
Error: TOO_MANY_LINES       (line:  41, col:   1):	Function has more than 25 lines
Error: TOO_MANY_LINES       (line: 111, col:   1):	Function has more than 25 lines
Error: TOO_MANY_LINES       (line: 156, col:   1):	Function has more than 25 lines
Error: TOO_MANY_LINES       (line: 201, col:   1):	Function has more than 25 lines
Error: TOO_MANY_FUNCS       (line: 213, col:   1):	[92mToo many functions in file[0m
parser_validate.c: Error!
Error: INVALID_HEADER       (line:   1, col:   1):	[97mMissing or invalid 42 header[0m
Error: TOO_MANY_FUNCS       (line: 122, col:   1):	[92mToo many functions in file[0m
Error: TOO_MANY_FUNCS       (line: 130, col:   1):	[92mToo many functions in file[0m
Error: TOO_MANY_FUNCS       (line: 155, col:   1):	[92mToo many functions in file[0m
Error: TOO_MANY_FUNCS       (line: 164, col:   1):	[92mToo many functions in file[0m
Error: TOO_MANY_FUNCS       (line: 191, col:   1):	[92mToo many functions in file[0m
Error: TOO_MANY_FUNCS       (line: 215, col:   1):	[92mToo many functions in file[0m
Error: TOO_MANY_FUNCS       (line: 249, col:   1):	[92mToo many functions in file[0m
input.c: Error!
Error: INVALID_HEADER       (line:   1, col:   1):	[97mMissing or invalid 42 header[0m
player.c: Error!
Error: INVALID_HEADER       (line:   1, col:   1):	[97mMissing or invalid 42 header[0m
ft_raycasting.c: Error!
Error: INVALID_HEADER       (line:   1, col:   1):	[97mMissing or invalid 42 header[0m
ft_raycasting_dda.c: Error!
Error: INVALID_HEADER       (line:   1, col:   1):	[97mMissing or invalid 42 header[0m
ft_raycasting_draw.c: Error!
Error: INVALID_HEADER       (line:   1, col:   1):	[97mMissing or invalid 42 header[0m
ft_raycasting_init.c: Error!
Error: INVALID_HEADER       (line:   1, col:   1):	[97mMissing or invalid 42 header[0m
ft_textures.c: Error!
Error: INVALID_HEADER       (line:   1, col:   1):	[97mMissing or invalid 42 header[0m
main.c: Error!
Error: INVALID_HEADER       (line:   1, col:   1):	[97mMissing or invalid 42 header[0m
Error: PREPROC_BAD_INDENT   (line:   4, col:   1):	Bad preprocessor indentation
Error: PREPROC_BAD_INDENT   (line:   5, col:   1):	Bad preprocessor indentation
Error: PREPROC_BAD_INDENT   (line:  47, col:   1):	Bad preprocessor indentation
ft_doors_logic.c: Error!
Error: INVALID_HEADER       (line:   1, col:   1):	[97mMissing or invalid 42 header[0m
ft_free_doors.c: Error!
Error: INVALID_HEADER       (line:   1, col:   1):	[97mMissing or invalid 42 header[0m
ft_free_game.c: Error!
Error: INVALID_HEADER       (line:   1, col:   1):	[97mMissing or invalid 42 header[0m
ft_error.c: Error!
Error: INVALID_HEADER       (line:   8, col:   1):	[97mMissing or invalid 42 header[0m
ft_exit_game.c: Error!
Error: INVALID_HEADER       (line:   8, col:   1):	[97mMissing or invalid 42 header[0m
Error: LINE_TOO_LONG        (line:  20, col:  82):	[94mline too long[0m
draw_utils.c: Error!
Error: INVALID_HEADER       (line:   1, col:   1):	[97mMissing or invalid 42 header[0m
init.c: Error!
Error: INVALID_HEADER       (line:   1, col:   1):	[97mMissing or invalid 42 header[0m
ft_minimap.c: Error!
Error: INVALID_HEADER       (line:   1, col:   1):	[97mMissing or invalid 42 header[0m
Error: WRONG_SCOPE_COMMENT  (line:  27, col:   5):	[95mComment is invalid in this scope[0m
Error: TOO_MANY_LINES       (line:  32, col:   1):	Function has more than 25 lines
parser_color.c: Error!
Error: INVALID_HEADER       (line:   1, col:   1):	[97mMissing or invalid 42 header[0m
parser_doors.c: Error!
Error: INVALID_HEADER       (line:   1, col:   1):	[97mMissing or invalid 42 header[0m
Error: TOO_MANY_LINES       (line:  41, col:   1):	Function has more than 25 lines
Error: WRONG_SCOPE_COMMENT  (line:  83, col:   5):	[95mComment is invalid in this scope[0m
Error: TOO_MANY_FUNCS       (line: 123, col:   1):	[92mToo many functions in file[0m
parser_elements.c: Error!
Error: INVALID_HEADER       (line:   1, col:   1):	[97mMissing or invalid 42 header[0m
parser_main.c: Error!
Error: INVALID_HEADER       (line:   1, col:   1):	[97mMissing or invalid 42 header[0m
Error: WRONG_SCOPE_COMMENT  (line: 139, col:   5):	[95mComment is invalid in this scope[0m
Error: EMPTY_LINE_EOF       (line: 156, col:   1):	Empty line at end of file
parser_map.c: Error!
Error: INVALID_HEADER       (line:   1, col:   1):	[97mMissing or invalid 42 header[0m
parser_map_utils.c: Error!
Error: INVALID_HEADER       (line:   1, col:   1):	[97mMissing or invalid 42 header[0m
parser_player.c: Error!
Error: INVALID_HEADER       (line:   1, col:   1):	[97mMissing or invalid 42 header[0m
parser_sprites.c: Error!
Error: INVALID_HEADER       (line:   1, col:   1):	[97mMissing or invalid 42 header[0m
parser_texture.c: Error!
Error: INVALID_HEADER       (line:   1, col:   1):	[97mMissing or invalid 42 header[0m
parser_validate.c: Error!
Error: INVALID_HEADER       (line:   1, col:   1):	[97mMissing or invalid 42 header[0m
Error: WRONG_SCOPE_COMMENT  (line: 115, col:   5):	[95mComment is invalid in this scope[0m
Error: TOO_MANY_FUNCS       (line: 130, col:   1):	[92mToo many functions in file[0m
parser_validate_utils.c: Error!
Error: INVALID_HEADER       (line:   1, col:   1):	[97mMissing or invalid 42 header[0m
Error: TOO_MANY_FUNCS       (line:  96, col:   1):	[92mToo many functions in file[0m
ft_player_collision.c: Error!
Error: INVALID_HEADER       (line:   1, col:   1):	[97mMissing or invalid 42 header[0m
ft_player_move.c: Error!
Error: INVALID_HEADER       (line:   1, col:   1):	[97mMissing or invalid 42 header[0m
input.c: Error!
Error: INVALID_HEADER       (line:   1, col:   1):	[97mMissing or invalid 42 header[0m
ft_raycasting.c: Error!
Error: INVALID_HEADER       (line:   1, col:   1):	[97mMissing or invalid 42 header[0m
ft_raycasting_dda.c: Error!
Error: INVALID_HEADER       (line:   1, col:   1):	[97mMissing or invalid 42 header[0m
ft_raycasting_draw.c: Error!
Error: INVALID_HEADER       (line:   1, col:   1):	[97mMissing or invalid 42 header[0m
ft_raycasting_init.c: Error!
Error: INVALID_HEADER       (line:   1, col:   1):	[97mMissing or invalid 42 header[0m
ft_sprites_memory.c: Error!
Error: INVALID_HEADER       (line:   1, col:   1):	[97mMissing or invalid 42 header[0m
ft_sprites_render.c: Error!
Error: INVALID_HEADER       (line:   1, col:   1):	[97mMissing or invalid 42 header[0m
ft_sprites_state.c: Error!
Error: INVALID_HEADER       (line:   1, col:   1):	[97mMissing or invalid 42 header[0m
ft_textures.c: Error!
Error: INVALID_HEADER       (line:   1, col:   1):	[97mMissing or invalid 42 header[0m
cub3d.h: Error!
Error: INVALID_HEADER       (line:   1, col:   1):	[97mMissing or invalid 42 header[0m
defines.h: Error!
Error: INVALID_HEADER       (line:   1, col:   1):	[97mMissing or invalid 42 header[0m
doors.h: Error!
Error: INVALID_HEADER       (line:   1, col:   1):	[97mMissing or invalid 42 header[0m
graphics.h: Error!
Error: INVALID_HEADER       (line:   1, col:   1):	[97mMissing or invalid 42 header[0m
player.h: Error!
Error: INVALID_HEADER       (line:   1, col:   1):	[97mMissing or invalid 42 header[0m
raycasting.h: Error!
Error: INVALID_HEADER       (line:   1, col:   1):	[97mMissing or invalid 42 header[0m
sprites.h: Error!
Error: INVALID_HEADER       (line:   1, col:   1):	[97mMissing or invalid 42 header[0m
structs.h: Error!
Error: INVALID_HEADER       (line:   1, col:   1):	[97mMissing or invalid 42 header[0m
textures.h: Error!
Error: INVALID_HEADER       (line:   1, col:   1):	[97mMissing or invalid 42 header[0m
libft.h: Error!
Error: INVALID_HEADER       (line:   1, col:   1):	[97mMissing or invalid 42 header[0m
parser.h: Error!
Error: INVALID_HEADER       (line:   1, col:   1):	[97mMissing or invalid 42 header[0m
